// Jest Snapshot v1, https://goo.gl/fbAQLP

exports[`Palette shoud match component Palette snapshot 1`] = `
<div
  className="Palette"
>
  <div
    className="color"
    style={
      Object {
        "backgroundColor": "#010101",
      }
    }
  >
    <p
      className="color-hex"
    >
      #010101
    </p>
  </div>
  <div
    className="color"
    style={
      Object {
        "backgroundColor": "#925578",
      }
    }
  >
    <p
      className="color-hex"
    >
      #925578
    </p>
  </div>
  <div
    className="color"
    style={
      Object {
        "backgroundColor": "#319547",
      }
    }
  >
    <p
      className="color-hex"
    >
      #319547
    </p>
  </div>
  <div
    className="color"
    style={
      Object {
        "backgroundColor": "#796876",
      }
    }
  >
    <p
      className="color-hex"
    >
      #796876
    </p>
  </div>
  <div
    className="color"
    style={
      Object {
        "backgroundColor": "#834267",
      }
    }
  >
    <p
      className="color-hex"
    >
      #834267
    </p>
  </div>
  <p
    className="palette-title"
  />
</div>
`;
